I'm sorry, but errors were detected in your script. Please correct the
errors listed below, and try again.


File "game/sdDate2.rpy", line 137: expected statement.
    hpunch
          ^

Ren'Py Version: Ren'Py 6.99.13.2919
